[Licensing::Module] Trying to connect to existing licensing client channel...
Built from '6000.3/respin/6000.3.6f1-732c1ec89f18' branch; Version is '6000.3.6f1 (bbb010bdb8a3) revision 12300304'; Using compiler version '194234433'; Build Type 'Release'
[Licensing::IpcConnector] Successfully connected to: "LicenseClient-Marjorie077" at "2026-03-04T22:40:15.0419622Z"
OS: 'Windows 11  (10.0.26200) CoreSingleLanguage' Language: 'en' Physical Memory: 32472 MB
BatchMode: 1, IsHumanControllingUs: 0, StartBugReporterOnCrash: 0, Is64bit: 1
System  architecture: x64
Process architecture: x64
Date: 2026-03-04T22:40:15Z

COMMAND LINE ARGUMENTS:
C:\Program Files\Unity\Hub\Editor\6000.3.6f1\Editor\Unity.exe
-adb2
-batchMode
-noUpm
-name
AssetImportWorker0
-projectPath
D:/CIT/Development/Projects/RemGloves-Software/RemGloveHand
-logFile
Logs/AssetImportWorker0.log
-srvPort
53016
-job-worker-count
7
-background-job-worker-count
8
-gc-helper-count
1
-name
AssetImport
Successfully changed project path to: D:/CIT/Development/Projects/RemGloves-Software/RemGloveHand
D:/CIT/Development/Projects/RemGloves-Software/RemGloveHand
[UnityMemory] Configuration Parameters - Can be set up in boot.config
    "memorysetup-temp-allocator-size-nav-mesh-worker=65536"
    "memorysetup-temp-allocator-size-audio-worker=65536"
    "memorysetup-temp-allocator-size-gfx=262144"
    "memorysetup-allocator-temp-initial-block-size-main=262144"
    "memorysetup-allocator-temp-initial-block-size-worker=262144"
    "memorysetup-temp-allocator-size-background-worker=32768"
    "memorysetup-temp-allocator-size-job-worker=262144"
    "memorysetup-temp-allocator-size-preload-manager=33554432"
    "memorysetup-temp-allocator-size-gi-baking-worker=262144"
    "memorysetup-temp-allocator-size-gi-baking-worker=262144"
    "memorysetup-temp-allocator-size-gi-baking-worker=262144"
    "memorysetup-temp-allocator-size-gi-baking-worker=262144"
    "memorysetup-temp-allocator-size-gi-baking-worker=262144"
    "memorysetup-bucket-allocator-granularity=16"
    "memorysetup-bucket-allocator-bucket-count=8"
    "memorysetup-bucket-allocator-block-size=33554432"
    "memorysetup-bucket-allocator-block-count=8"
    "memorysetup-main-allocator-block-size=16777216"
    "memorysetup-thread-allocator-block-size=16777216"
    "memorysetup-gfx-main-allocator-block-size=16777216"
    "memorysetup-gfx-thread-allocator-block-size=16777216"
    "memorysetup-cache-allocator-block-size=4194304"
    "memorysetup-typetree-allocator-block-size=2097152"
    "memorysetup-profiler-bucket-allocator-granularity=16"
    "memorysetup-profiler-bucket-allocator-bucket-count=8"
    "memorysetup-profiler-bucket-allocator-block-size=33554432"
    "memorysetup-profiler-bucket-allocator-block-count=8"
    "memorysetup-profiler-allocator-block-size=16777216"
    "memorysetup-profiler-editor-allocator-block-size=1048576"
    "memorysetup-temp-allocator-size-main=16777216"
    "memorysetup-job-temp-allocator-block-size=2097152"
    "memorysetup-job-temp-allocator-block-size-background=1048576"
    "memorysetup-job-temp-allocator-reduction-small-platforms=262144"
    "memorysetup-temp-allocator-size-cloud-worker=32768"
Player connection [22372]  Target information:

Player connection [22372]  * "[IP] 192.168.1.2 [Port] 0 [Flags] 2 [Guid] 2532316768 [EditorId] 2532316768 [Version] 1048832 [Id] WindowsEditor(7,Marjorie) [Debug] 1 [PackageName] WindowsEditor [ProjectName] Editor" 

Player connection [22372] Host joined multi-casting on [225.0.0.222:54997]...
Player connection [22372] Host joined alternative multi-casting on [225.0.0.222:34997]...
JobSystem: Creating JobQueue using job-worker-count value 7
Input System module state changed to: Initialized.
[Physics::Module] Initialized fallback backend.
[Physics::Module] Id: 0xdecafbad
Library Redirect Path: Library/
[Physics::Module] Selected backend.
[Physics::Module] Name: PhysX
[Physics::Module] Id: 0xf2b8ea05
[Physics::Module] SDK Version: 4.1.2
[Physics::Module] Integration Version: 1.0.0
[Physics::Module] Threading Mode: Multi-Threaded
Refreshing native plugins compatible for Editor in 17.71 ms, found 3 plugins.
Preloading 0 native plugins for Editor in 0.00 ms.
Initialize engine version: 6000.3.6f1 (bbb010bdb8a3)
[Subsystems] Discovering subsystems at path C:/Program Files/Unity/Hub/Editor/6000.3.6f1/Editor/Data/Resources/UnitySubsystems
[Subsystems] Discovering subsystems at path D:/CIT/Development/Projects/RemGloves-Software/RemGloveHand/Assets
GfxDevice: creating device client; kGfxThreadingModeNonThreaded
Direct3D:
    Version:  Direct3D 11.0 [level 11.1]
    Renderer: NVIDIA GeForce RTX 3050 Laptop GPU (ID=0x25a2)
    Vendor:   NVIDIA
    VRAM:     3991 MB
    Driver:   30.0.15.1274
Initialize mono
Mono path[0] = 'C:/Program Files/Unity/Hub/Editor/6000.3.6f1/Editor/Data/Managed'
Mono path[1] = 'C:/Program Files/Unity/Hub/Editor/6000.3.6f1/Editor/Data/MonoBleedingEdge/lib/mono/unityjit-win32'
Mono config path = 'C:/Program Files/Unity/Hub/Editor/6000.3.6f1/Editor/Data/MonoBleedingEdge/etc'
Using monoOptions --debugger-agent=transport=dt_socket,embedding=1,server=y,suspend=n,address=127.0.0.1:56848
Begin MonoManager ReloadAssembly
Registering precompiled unity dll's ...
Register platform support module: C:/Program Files/Unity/Hub/Editor/6000.3.6f1/Editor/Data/PlaybackEngines/WebGLSupport/UnityEditor.WebGL.Extensions.dll
Register platform support module: C:/Program Files/Unity/Hub/Editor/6000.3.6f1/Editor/Data/PlaybackEngines/WindowsStandaloneSupport/UnityEditor.WindowsStandalone.Extensions.dll
Registered in 0.005199 seconds.
- Loaded All Assemblies, in  0.813 seconds
Native extension for WindowsStandalone target not found
Native extension for WebGL target not found
ScheduleIndexationOnStartup MainProcess:False IndexOnStartup:True
Mono: successfully reloaded assembly
- Finished resetting the current domain, in  0.861 seconds
Domain Reload Profiling: 1670ms
	BeginReloadAssembly (245ms)
		ExecutionOrderSort (0ms)
		DisableScriptedObjects (0ms)
		BackupInstance (0ms)
		ReleaseScriptingObjects (0ms)
		CreateAndSetChildDomain (1ms)
	RebuildCommonClasses (68ms)
	RebuildNativeTypeToScriptingClass (22ms)
	initialDomainReloadingComplete (86ms)
	LoadAllAssembliesAndSetupDomain (388ms)
		LoadAssemblies (239ms)
		RebuildTransferFunctionScriptingTraits (0ms)
		AnalyzeDomain (381ms)
			TypeCache.Refresh (378ms)
				TypeCache.ScanAssembly (352ms)
			BuildScriptInfoCaches (0ms)
			ResolveRequiredComponents (1ms)
	FinalizeReload (861ms)
		ReleaseScriptCaches (0ms)
		RebuildScriptCaches (0ms)
		SetupLoadedEditorAssemblies (772ms)
			LogAssemblyErrors (0ms)
			InitializePlatformSupportModulesInManaged (108ms)
			SetLoadedEditorAssemblies (7ms)
			BeforeProcessingInitializeOnLoad (187ms)
			ProcessInitializeOnLoadAttributes (324ms)
			ProcessInitializeOnLoadMethodAttributes (146ms)
			AfterProcessingInitializeOnLoad (0ms)
			EditorAssembliesLoaded (1ms)
		ExecutionOrderSort2 (0ms)
		AwakeInstancesAfterBackupRestoration (0ms)
========================================================================
Worker process is ready to serve import requests
Import Worker Mode flag is 0x00
Begin MonoManager ReloadAssembly
[Licensing::Module] Licensing is not yet initialized.
[Licensing::Client] Handshaking with LicensingClient:
  Version:                 1.17.4+4293ba1
  Session Id:              fc86d5fd1a2e40d483c2910021436f5c
  Correlation Id:          e3506307434914a38801203803ed0b49
  External correlation Id: 1493607835117567609
  Machine Id:              K29tLKklKfh7LgItv5RsaAsR4VA=
[Licensing::Module] Successfully connected to LicensingClient on channel: "LicenseClient-Marjorie077" (connect: 0.00s, validation: 0.00s, handshake: 4.17s)
[Licensing::IpcConnector] Successfully connected to: "LicenseClient-Marjorie077-notifications" at "2026-03-04T22:40:19.2163552Z"
[Licensing::Module] Licensing Background thread has ended after 4.17s
[Licensing::Module] Licensing is initialized (took 1.34s).
[Licensing::Client] Successfully resolved entitlement details
[Licensing::Module] License group:
  Id: 18968290258019-UnityPersXXXX
  Product: Unity Personal
  Type: Assigned
  Expiration: Unlimited
- Loaded All Assemblies, in  2.210 seconds
Refreshing native plugins compatible for Editor in 0.68 ms, found 3 plugins.
Native extension for WindowsStandalone target not found
Native extension for WebGL target not found
Package Manager log level set to [2]
[Package Manager] Failed to launch server process. Reason: Unity was launched with the -noUpm command-line argument
[Package Manager] Unable to send message (not connected to server process).
[Package Manager] Cannot connect to Unity Package Manager local server
ScheduleIndexationOnStartup MainProcess:False IndexOnStartup:True
Mono: successfully reloaded assembly
- Finished resetting the current domain, in  0.776 seconds
Domain Reload Profiling: 2983ms
	BeginReloadAssembly (1581ms)
		ExecutionOrderSort (0ms)
		DisableScriptedObjects (6ms)
		BackupInstance (0ms)
		ReleaseScriptingObjects (0ms)
		CreateAndSetChildDomain (39ms)
	RebuildCommonClasses (51ms)
	RebuildNativeTypeToScriptingClass (18ms)
	initialDomainReloadingComplete (45ms)
	LoadAllAssembliesAndSetupDomain (511ms)
		LoadAssemblies (390ms)
		RebuildTransferFunctionScriptingTraits (0ms)
		AnalyzeDomain (257ms)
			TypeCache.Refresh (196ms)
				TypeCache.ScanAssembly (181ms)
			BuildScriptInfoCaches (52ms)
			ResolveRequiredComponents (5ms)
	FinalizeReload (776ms)
		ReleaseScriptCaches (0ms)
		RebuildScriptCaches (0ms)
		SetupLoadedEditorAssemblies (629ms)
			LogAssemblyErrors (0ms)
			InitializePlatformSupportModulesInManaged (3ms)
			SetLoadedEditorAssemblies (5ms)
			BeforeProcessingInitializeOnLoad (159ms)
			ProcessInitializeOnLoadAttributes (406ms)
			ProcessInitializeOnLoadMethodAttributes (50ms)
			AfterProcessingInitializeOnLoad (7ms)
			EditorAssembliesLoaded (0ms)
		ExecutionOrderSort2 (0ms)
		AwakeInstancesAfterBackupRestoration (9ms)
Launched and connected shader compiler UnityShaderCompiler.exe after 0.03 seconds
Refreshing native plugins compatible for Editor in 1.57 ms, found 3 plugins.
Preloading 0 native plugins for Editor in 0.00 ms.
Unloading 0 Unused Serialized files (Serialized files now loaded: 0)
Unloading 3894 unused Assets / (1.6 MB). Loaded Objects now: 4475.
Memory consumption went from 92.8 MB to 91.2 MB.
Total: 12.868300 ms (FindLiveObjects: 0.744900 ms CreateObjectMapping: 0.392200 ms MarkObjects: 9.107600 ms  DeleteObjects: 2.621500 ms)

========================================================================
Received Import Request.
  Time since last request: 76187.571744 seconds.
  path: Assets/InputSystem_Actions.inputactions
  artifactKey: Guid(289c1b55c9541489481df5cc06664110) Importer(815301076,1909f56bfc062723c751e8b465ee728b)
Start importing Assets/InputSystem_Actions.inputactions using Guid(289c1b55c9541489481df5cc06664110) Importer(815301076,1909f56bfc062723c751e8b465ee728b) (PreviewImporter) -> (artifact id: '7ae34723c8831fb3f93db632de41c472') in 0.0354765 seconds
Number of updated asset objects reloaded before import = 0Number of asset objects unloaded after import = 20

========================================================================
Received Import Request.
  Time since last request: 4.426641 seconds.
  path: Assets/InputSystem_Actions.inputactions
  artifactKey: Guid(289c1b55c9541489481df5cc06664110) Importer(2089858483,b0f066a214c2f5e87bad3c948f4d605d)
Start importing Assets/InputSystem_Actions.inputactions using Guid(289c1b55c9541489481df5cc06664110) Importer(2089858483,b0f066a214c2f5e87bad3c948f4d605d) (ScriptedImporter) -> (artifact id: 'f4602f8fbc2d00135ab3f5d3f4b3f3d5') in 0.4694563 seconds
Number of updated asset objects reloaded before import = 0Number of asset objects unloaded after import = 22

========================================================================
Received Prepare
Refreshing native plugins compatible for Editor in 0.57 ms, found 3 plugins.
Preloading 0 native plugins for Editor in 0.00 ms.
Unloading 0 Unused Serialized files (Serialized files now loaded: 0)
Unloading 3895 unused Assets / (1.1 MB). Loaded Objects now: 4487.
Memory consumption went from 92.4 MB to 91.3 MB.
Total: 8.637100 ms (FindLiveObjects: 0.325700 ms CreateObjectMapping: 0.258200 ms MarkObjects: 7.272600 ms  DeleteObjects: 0.779300 ms)

Prepare: number of updated asset objects reloaded= 0
========================================================================
Received Import Request.
  Time since last request: 455.467093 seconds.
  path: Assets/FlutterUnityIntegration/JsonDotNet/link.xml
  artifactKey: Guid(a1e81a885816344c4bc3340c0119fb27) Importer(2089858483,b0f066a214c2f5e87bad3c948f4d605d)
Start importing Assets/FlutterUnityIntegration/JsonDotNet/link.xml using Guid(a1e81a885816344c4bc3340c0119fb27) Importer(2089858483,b0f066a214c2f5e87bad3c948f4d605d) (ScriptedImporter) -> (artifact id: 'eb2e6f4bb55ca7155286344c85fa11c5') in 0.0074155 seconds
Number of updated asset objects reloaded before import = 0Number of asset objects unloaded after import = 1

========================================================================
Received Import Request.
  Time since last request: 0.006253 seconds.
  path: Assets/FlutterUnityIntegration/Demo
  artifactKey: Guid(138607dc521ec40199ab65b468c497dd) Importer(2089858483,b0f066a214c2f5e87bad3c948f4d605d)
Start importing Assets/FlutterUnityIntegration/Demo using Guid(138607dc521ec40199ab65b468c497dd) Importer(2089858483,b0f066a214c2f5e87bad3c948f4d605d) (ScriptedImporter) -> (artifact id: '46f75193d7a350c577b4817829288b08') in 0.0053934 seconds
Number of updated asset objects reloaded before import = 0Number of asset objects unloaded after import = 1

========================================================================
Received Import Request.
  Time since last request: 0.019944 seconds.
  path: Assets/FlutterUnityIntegration/Editor/XCodePostBuild.cs
  artifactKey: Guid(132db7294ca96475396bb92491a3bf8b) Importer(2089858483,b0f066a214c2f5e87bad3c948f4d605d)
Start importing Assets/FlutterUnityIntegration/Editor/XCodePostBuild.cs using Guid(132db7294ca96475396bb92491a3bf8b) Importer(2089858483,b0f066a214c2f5e87bad3c948f4d605d) (ScriptedImporter) -> (artifact id: '62c325baf6ff69375467afb60924fa04') in 0.0168943 seconds
Number of updated asset objects reloaded before import = 0Number of asset objects unloaded after import = 0

========================================================================
Received Import Request.
  Time since last request: 0.000279 seconds.
  path: Assets/FlutterUnityIntegration/Demo/Scenes/SampleScene.unity
  artifactKey: Guid(1de23c438491149ecacfae4362bfe5d4) Importer(2089858483,b0f066a214c2f5e87bad3c948f4d605d)
Start importing Assets/FlutterUnityIntegration/Demo/Scenes/SampleScene.unity using Guid(1de23c438491149ecacfae4362bfe5d4) Importer(2089858483,b0f066a214c2f5e87bad3c948f4d605d) (ScriptedImporter) -> (artifact id: '603b2c5014dd5481dd8e2af5ad923cbc') in 0.0054172 seconds
Number of updated asset objects reloaded before import = 0Number of asset objects unloaded after import = 1

========================================================================
Received Import Request.
  Time since last request: 0.000133 seconds.
  path: Assets/FlutterUnityIntegration/Demo/EventSystem.prefab
  artifactKey: Guid(3594d1ae1a27a44ef9d3d0196cdd08d3) Importer(2089858483,b0f066a214c2f5e87bad3c948f4d605d)
Start importing Assets/FlutterUnityIntegration/Demo/EventSystem.prefab using Guid(3594d1ae1a27a44ef9d3d0196cdd08d3) Importer(2089858483,b0f066a214c2f5e87bad3c948f4d605d) (ScriptedImporter) -> (artifact id: 'd937f24bc62833d7eda280659d7db331') in 0.0215001 seconds
Number of updated asset objects reloaded before import = 0Number of asset objects unloaded after import = 6

========================================================================
Received Import Request.
  Time since last request: 0.000027 seconds.
  path: Assets/FlutterUnityIntegration/UnityMessageManager.cs
  artifactKey: Guid(d8f0d555a552e429a9e36a2bec4c1faf) Importer(2089858483,b0f066a214c2f5e87bad3c948f4d605d)
Start importing Assets/FlutterUnityIntegration/UnityMessageManager.cs using Guid(d8f0d555a552e429a9e36a2bec4c1faf) Importer(2089858483,b0f066a214c2f5e87bad3c948f4d605d) (ScriptedImporter) -> (artifact id: 'f7a08edcf8bb49f7e68a32a80cd8068e') in 0.0043691 seconds
Number of updated asset objects reloaded before import = 0Number of asset objects unloaded after import = 0

========================================================================
Received Import Request.
  Time since last request: 0.000165 seconds.
  path: Assets/FlutterUnityIntegration/Demo/Scenes/scene_2.unity
  artifactKey: Guid(78e45f16305ad48beb12bee6b4f6e23c) Importer(2089858483,b0f066a214c2f5e87bad3c948f4d605d)
Start importing Assets/FlutterUnityIntegration/Demo/Scenes/scene_2.unity using Guid(78e45f16305ad48beb12bee6b4f6e23c) Importer(2089858483,b0f066a214c2f5e87bad3c948f4d605d) (ScriptedImporter) -> (artifact id: '397a98f02ff45a94f56c0680992c05f6') in 0.0063856 seconds
Number of updated asset objects reloaded before import = 0Number of asset objects unloaded after import = 1

========================================================================
Received Import Request.
  Time since last request: 0.000118 seconds.
  path: Assets/FlutterUnityIntegration/JsonDotNet
  artifactKey: Guid(4c3f323f964d7409b923c39fc511af21) Importer(2089858483,b0f066a214c2f5e87bad3c948f4d605d)
Start importing Assets/FlutterUnityIntegration/JsonDotNet using Guid(4c3f323f964d7409b923c39fc511af21) Importer(2089858483,b0f066a214c2f5e87bad3c948f4d605d) (ScriptedImporter) -> (artifact id: 'f090e344acf453f4150014ef551de54e') in 0.0045548 seconds
Number of updated asset objects reloaded before import = 0Number of asset objects unloaded after import = 1

========================================================================
Received Import Request.
  Time since last request: 0.000084 seconds.
  path: Assets/FlutterUnityIntegration/JsonDotNet/Assemblies/Windows
  artifactKey: Guid(d473ed1ceeaae48c4b9e23cf2ccb07d5) Importer(2089858483,b0f066a214c2f5e87bad3c948f4d605d)
Start importing Assets/FlutterUnityIntegration/JsonDotNet/Assemblies/Windows using Guid(d473ed1ceeaae48c4b9e23cf2ccb07d5) Importer(2089858483,b0f066a214c2f5e87bad3c948f4d605d) (ScriptedImporter) -> (artifact id: '307c6492a185fe25a9c97f64f423128a') in 0.0039597 seconds
Number of updated asset objects reloaded before import = 0Number of asset objects unloaded after import = 1

========================================================================
Received Import Request.
  Time since last request: 0.000103 seconds.
  path: Assets/FlutterUnityIntegration/SingletonMonoBehaviour.cs
  artifactKey: Guid(26f606bd4d23f497fa7b976bf9684caf) Importer(2089858483,b0f066a214c2f5e87bad3c948f4d605d)
Start importing Assets/FlutterUnityIntegration/SingletonMonoBehaviour.cs using Guid(26f606bd4d23f497fa7b976bf9684caf) Importer(2089858483,b0f066a214c2f5e87bad3c948f4d605d) (ScriptedImporter) -> (artifact id: '70be220107bd38c91350d82fa045247b') in 0.0039125 seconds
Number of updated asset objects reloaded before import = 0Number of asset objects unloaded after import = 0

========================================================================
Received Import Request.
  Time since last request: 0.000143 seconds.
  path: Assets/FlutterUnityIntegration/JsonDotNet/Assemblies/AOT
  artifactKey: Guid(c4da6fec1bc5747adbe081a531296eed) Importer(2089858483,b0f066a214c2f5e87bad3c948f4d605d)
Start importing Assets/FlutterUnityIntegration/JsonDotNet/Assemblies/AOT using Guid(c4da6fec1bc5747adbe081a531296eed) Importer(2089858483,b0f066a214c2f5e87bad3c948f4d605d) (ScriptedImporter) -> (artifact id: '30c8455d1168c2323402e7cf3dfeaa45') in 0.0029722 seconds
Number of updated asset objects reloaded before import = 0Number of asset objects unloaded after import = 1

========================================================================
Received Import Request.
  Time since last request: 0.000131 seconds.
  path: Assets/FlutterUnityIntegration/Plugins
  artifactKey: Guid(c933088c884fa446a9ef6fcc5d4967b7) Importer(2089858483,b0f066a214c2f5e87bad3c948f4d605d)
Start importing Assets/FlutterUnityIntegration/Plugins using Guid(c933088c884fa446a9ef6fcc5d4967b7) Importer(2089858483,b0f066a214c2f5e87bad3c948f4d605d) (ScriptedImporter) -> (artifact id: '59d1f8b4a0d2bab7f35033925146d6ca') in 0.00351 seconds
Number of updated asset objects reloaded before import = 0Number of asset objects unloaded after import = 1

========================================================================
Received Import Request.
  Time since last request: 0.000123 seconds.
  path: Assets/FlutterUnityIntegration/Demo/GameManager.cs
  artifactKey: Guid(25e2e19e6317942ae86eed73cec6b312) Importer(2089858483,b0f066a214c2f5e87bad3c948f4d605d)
Start importing Assets/FlutterUnityIntegration/Demo/GameManager.cs using Guid(25e2e19e6317942ae86eed73cec6b312) Importer(2089858483,b0f066a214c2f5e87bad3c948f4d605d) (ScriptedImporter) -> (artifact id: '91150bfe739443a052d832603352a936') in 0.0037648 seconds
Number of updated asset objects reloaded before import = 0Number of asset objects unloaded after import = 0

========================================================================
Received Import Request.
  Time since last request: 0.000142 seconds.
  path: Assets/FlutterUnityIntegration/link.xml
  artifactKey: Guid(dffa6b3463c3f4197ba06e68d68f2285) Importer(2089858483,b0f066a214c2f5e87bad3c948f4d605d)
Start importing Assets/FlutterUnityIntegration/link.xml using Guid(dffa6b3463c3f4197ba06e68d68f2285) Importer(2089858483,b0f066a214c2f5e87bad3c948f4d605d) (ScriptedImporter) -> (artifact id: '9b44d33090898f2b4847f5cea2fbedaf') in 0.0033102 seconds
Number of updated asset objects reloaded before import = 0Number of asset objects unloaded after import = 1

========================================================================
Received Import Request.
  Time since last request: 0.000059 seconds.
  path: Assets/FlutterUnityIntegration/Plugins/iOS
  artifactKey: Guid(92f5869add8134466b0b7cff3ac1b558) Importer(2089858483,b0f066a214c2f5e87bad3c948f4d605d)
Start importing Assets/FlutterUnityIntegration/Plugins/iOS using Guid(92f5869add8134466b0b7cff3ac1b558) Importer(2089858483,b0f066a214c2f5e87bad3c948f4d605d) (ScriptedImporter) -> (artifact id: '2022f3ca24aeee38be1ef514102257c7') in 0.0030863 seconds
Number of updated asset objects reloaded before import = 0Number of asset objects unloaded after import = 1

========================================================================
Received Import Request.
  Time since last request: 0.000157 seconds.
  path: Assets/FlutterUnityIntegration/JsonDotNet/Assemblies/Standalone
  artifactKey: Guid(88b25391e55c946d2aaba425a98f46a9) Importer(2089858483,b0f066a214c2f5e87bad3c948f4d605d)
Start importing Assets/FlutterUnityIntegration/JsonDotNet/Assemblies/Standalone using Guid(88b25391e55c946d2aaba425a98f46a9) Importer(2089858483,b0f066a214c2f5e87bad3c948f4d605d) (ScriptedImporter) -> (artifact id: '20a9f167c6d8541dedb0e874fc763bc1') in 0.0042638 seconds
Number of updated asset objects reloaded before import = 0Number of asset objects unloaded after import = 1

========================================================================
Received Import Request.
  Time since last request: 0.000142 seconds.
  path: Assets/FlutterUnityIntegration
  artifactKey: Guid(045eaa5a115b049be8df19ef27897cf8) Importer(2089858483,b0f066a214c2f5e87bad3c948f4d605d)
Start importing Assets/FlutterUnityIntegration using Guid(045eaa5a115b049be8df19ef27897cf8) Importer(2089858483,b0f066a214c2f5e87bad3c948f4d605d) (ScriptedImporter) -> (artifact id: '1caab6b4b3ebe7f41e4804255fdd99a9') in 0.0027555 seconds
Number of updated asset objects reloaded before import = 0Number of asset objects unloaded after import = 1

========================================================================
Received Import Request.
  Time since last request: 0.000082 seconds.
  path: Assets/FlutterUnityIntegration/JsonDotNet/Assemblies/AOT/Newtonsoft.Json.dll.txt
  artifactKey: Guid(a24da196ba50946e18c40d06973cde72) Importer(2089858483,b0f066a214c2f5e87bad3c948f4d605d)
Start importing Assets/FlutterUnityIntegration/JsonDotNet/Assemblies/AOT/Newtonsoft.Json.dll.txt using Guid(a24da196ba50946e18c40d06973cde72) Importer(2089858483,b0f066a214c2f5e87bad3c948f4d605d) (ScriptedImporter) -> (artifact id: '7b9ff2f505b1b33a6e69b5e2f9b6ef15') in 0.0034864 seconds
Number of updated asset objects reloaded before import = 0Number of asset objects unloaded after import = 1

========================================================================
Received Import Request.
  Time since last request: 0.000140 seconds.
  path: Assets/FlutterUnityIntegration/JsonDotNet/Assemblies/AOT/Newtonsoft.Json.XML
  artifactKey: Guid(ed833ea3d720e48a3bfccc01167343c6) Importer(2089858483,b0f066a214c2f5e87bad3c948f4d605d)
Start importing Assets/FlutterUnityIntegration/JsonDotNet/Assemblies/AOT/Newtonsoft.Json.XML using Guid(ed833ea3d720e48a3bfccc01167343c6) Importer(2089858483,b0f066a214c2f5e87bad3c948f4d605d) (ScriptedImporter) -> (artifact id: 'e64b1a4da9c1aee5d328a011ba7a4c9a') in 0.0037954 seconds
Number of updated asset objects reloaded before import = 0Number of asset objects unloaded after import = 1

========================================================================
Received Import Request.
  Time since last request: 0.000109 seconds.
  path: Assets/FlutterUnityIntegration/Editor/SweetShellHelper.cs
  artifactKey: Guid(035814c9f0f584c2d904bb37a369324c) Importer(2089858483,b0f066a214c2f5e87bad3c948f4d605d)
Start importing Assets/FlutterUnityIntegration/Editor/SweetShellHelper.cs using Guid(035814c9f0f584c2d904bb37a369324c) Importer(2089858483,b0f066a214c2f5e87bad3c948f4d605d) (ScriptedImporter) -> (artifact id: 'beca8790423135ef0e80a59dc6e0a14b') in 0.0039947 seconds
Number of updated asset objects reloaded before import = 0Number of asset objects unloaded after import = 0

========================================================================
Received Import Request.
  Time since last request: 0.000076 seconds.
  path: Assets/FlutterUnityIntegration/JsonDotNet/Assemblies/Standalone/Newtonsoft.Json.XML
  artifactKey: Guid(8b65f941004d84448bf1108419732aa2) Importer(2089858483,b0f066a214c2f5e87bad3c948f4d605d)
Start importing Assets/FlutterUnityIntegration/JsonDotNet/Assemblies/Standalone/Newtonsoft.Json.XML using Guid(8b65f941004d84448bf1108419732aa2) Importer(2089858483,b0f066a214c2f5e87bad3c948f4d605d) (ScriptedImporter) -> (artifact id: '74ee4b4d0c8ecd6b89c3f21342fa8a78') in 0.003934 seconds
Number of updated asset objects reloaded before import = 0Number of asset objects unloaded after import = 1

========================================================================
Received Import Request.
  Time since last request: 0.000126 seconds.
  path: Assets/FlutterUnityIntegration/Plugins/iOS/NativeCallProxy.h
  artifactKey: Guid(e5a113ae9e7ae44ffbf2067558023a36) Importer(2089858483,b0f066a214c2f5e87bad3c948f4d605d)
Start importing Assets/FlutterUnityIntegration/Plugins/iOS/NativeCallProxy.h using Guid(e5a113ae9e7ae44ffbf2067558023a36) Importer(2089858483,b0f066a214c2f5e87bad3c948f4d605d) (ScriptedImporter) -> (artifact id: 'ef3ae95e09bb9b58760472263a3817eb') in 0.0161803 seconds
Number of updated asset objects reloaded before import = 0Number of asset objects unloaded after import = 0

Editor requested this worker to shutdown with reason: Scaling down because of idle timeout
AssetImportWorker is now disconnected from the server
Process exiting
Exiting without the bug reporter. Application will terminate with return code 0